..................................                                       [100%]
34 passed in 0.61s
